<?xml version="1.0"?>
<link_info>
   <banner>MSP430 Linker PC v4.3.3</banner>
   <copyright>Copyright (c) 2003-2014 Texas Instruments Incorporated</copyright>
   <link_time>0x54dfe133</link_time>
   <link_errors>0x0</link_errors>
   <output_file>anti_theft.out</output_file>
   <entry_point>
      <name>_c_int00</name>
      <address>0x5cc8</address>
   </entry_point>
   <input_file_list>
      <input_file id="fl-2">
         <path>.\</path>
         <kind>object</kind>
         <file>main.obj</file>
         <name>main.obj</name>
      </input_file>
      <input_file id="fl-3">
         <path>.\</path>
         <kind>object</kind>
         <file>uart.obj</file>
         <name>uart.obj</name>
      </input_file>
      <input_file id="fl-32">
         <path>c:\ti\ccsv6\tools\compiler\msp430_4.3.3\lib\</path>
         <kind>archive</kind>
         <file>rts430x_lc_rd_eabi.lib</file>
         <name>boot.obj</name>
      </input_file>
      <input_file id="fl-33">
         <path>c:\ti\ccsv6\tools\compiler\msp430_4.3.3\lib\</path>
         <kind>archive</kind>
         <file>rts430x_lc_rd_eabi.lib</file>
         <name>copy_decompress_none.obj</name>
      </input_file>
      <input_file id="fl-34">
         <path>c:\ti\ccsv6\tools\compiler\msp430_4.3.3\lib\</path>
         <kind>archive</kind>
         <file>rts430x_lc_rd_eabi.lib</file>
         <name>copy_decompress_rle.obj</name>
      </input_file>
      <input_file id="fl-35">
         <path>c:\ti\ccsv6\tools\compiler\msp430_4.3.3\lib\</path>
         <kind>archive</kind>
         <file>rts430x_lc_rd_eabi.lib</file>
         <name>copy_zero_init.obj</name>
      </input_file>
      <input_file id="fl-36">
         <path>c:\ti\ccsv6\tools\compiler\msp430_4.3.3\lib\</path>
         <kind>archive</kind>
         <file>rts430x_lc_rd_eabi.lib</file>
         <name>exit.obj</name>
      </input_file>
      <input_file id="fl-37">
         <path>c:\ti\ccsv6\tools\compiler\msp430_4.3.3\lib\</path>
         <kind>archive</kind>
         <file>rts430x_lc_rd_eabi.lib</file>
         <name>int41.obj</name>
      </input_file>
      <input_file id="fl-38">
         <path>c:\ti\ccsv6\tools\compiler\msp430_4.3.3\lib\</path>
         <kind>archive</kind>
         <file>rts430x_lc_rd_eabi.lib</file>
         <name>int42.obj</name>
      </input_file>
      <input_file id="fl-39">
         <path>c:\ti\ccsv6\tools\compiler\msp430_4.3.3\lib\</path>
         <kind>archive</kind>
         <file>rts430x_lc_rd_eabi.lib</file>
         <name>int43.obj</name>
      </input_file>
      <input_file id="fl-3a">
         <path>c:\ti\ccsv6\tools\compiler\msp430_4.3.3\lib\</path>
         <kind>archive</kind>
         <file>rts430x_lc_rd_eabi.lib</file>
         <name>int44.obj</name>
      </input_file>
      <input_file id="fl-3b">
         <path>c:\ti\ccsv6\tools\compiler\msp430_4.3.3\lib\</path>
         <kind>archive</kind>
         <file>rts430x_lc_rd_eabi.lib</file>
         <name>int45.obj</name>
      </input_file>
      <input_file id="fl-3c">
         <path>c:\ti\ccsv6\tools\compiler\msp430_4.3.3\lib\</path>
         <kind>archive</kind>
         <file>rts430x_lc_rd_eabi.lib</file>
         <name>int47.obj</name>
      </input_file>
      <input_file id="fl-3d">
         <path>c:\ti\ccsv6\tools\compiler\msp430_4.3.3\lib\</path>
         <kind>archive</kind>
         <file>rts430x_lc_rd_eabi.lib</file>
         <name>int48.obj</name>
      </input_file>
      <input_file id="fl-3e">
         <path>c:\ti\ccsv6\tools\compiler\msp430_4.3.3\lib\</path>
         <kind>archive</kind>
         <file>rts430x_lc_rd_eabi.lib</file>
         <name>int49.obj</name>
      </input_file>
      <input_file id="fl-3f">
         <path>c:\ti\ccsv6\tools\compiler\msp430_4.3.3\lib\</path>
         <kind>archive</kind>
         <file>rts430x_lc_rd_eabi.lib</file>
         <name>int50.obj</name>
      </input_file>
      <input_file id="fl-40">
         <path>c:\ti\ccsv6\tools\compiler\msp430_4.3.3\lib\</path>
         <kind>archive</kind>
         <file>rts430x_lc_rd_eabi.lib</file>
         <name>int51.obj</name>
      </input_file>
      <input_file id="fl-41">
         <path>c:\ti\ccsv6\tools\compiler\msp430_4.3.3\lib\</path>
         <kind>archive</kind>
         <file>rts430x_lc_rd_eabi.lib</file>
         <name>int52.obj</name>
      </input_file>
      <input_file id="fl-42">
         <path>c:\ti\ccsv6\tools\compiler\msp430_4.3.3\lib\</path>
         <kind>archive</kind>
         <file>rts430x_lc_rd_eabi.lib</file>
         <name>int53.obj</name>
      </input_file>
      <input_file id="fl-43">
         <path>c:\ti\ccsv6\tools\compiler\msp430_4.3.3\lib\</path>
         <kind>archive</kind>
         <file>rts430x_lc_rd_eabi.lib</file>
         <name>int54.obj</name>
      </input_file>
      <input_file id="fl-44">
         <path>c:\ti\ccsv6\tools\compiler\msp430_4.3.3\lib\</path>
         <kind>archive</kind>
         <file>rts430x_lc_rd_eabi.lib</file>
         <name>int55.obj</name>
      </input_file>
      <input_file id="fl-45">
         <path>c:\ti\ccsv6\tools\compiler\msp430_4.3.3\lib\</path>
         <kind>archive</kind>
         <file>rts430x_lc_rd_eabi.lib</file>
         <name>int56.obj</name>
      </input_file>
      <input_file id="fl-46">
         <path>c:\ti\ccsv6\tools\compiler\msp430_4.3.3\lib\</path>
         <kind>archive</kind>
         <file>rts430x_lc_rd_eabi.lib</file>
         <name>int58.obj</name>
      </input_file>
      <input_file id="fl-47">
         <path>c:\ti\ccsv6\tools\compiler\msp430_4.3.3\lib\</path>
         <kind>archive</kind>
         <file>rts430x_lc_rd_eabi.lib</file>
         <name>int59.obj</name>
      </input_file>
      <input_file id="fl-48">
         <path>c:\ti\ccsv6\tools\compiler\msp430_4.3.3\lib\</path>
         <kind>archive</kind>
         <file>rts430x_lc_rd_eabi.lib</file>
         <name>int60.obj</name>
      </input_file>
      <input_file id="fl-49">
         <path>c:\ti\ccsv6\tools\compiler\msp430_4.3.3\lib\</path>
         <kind>archive</kind>
         <file>rts430x_lc_rd_eabi.lib</file>
         <name>int61.obj</name>
      </input_file>
      <input_file id="fl-4a">
         <path>c:\ti\ccsv6\tools\compiler\msp430_4.3.3\lib\</path>
         <kind>archive</kind>
         <file>rts430x_lc_rd_eabi.lib</file>
         <name>int62.obj</name>
      </input_file>
      <input_file id="fl-4b">
         <path>c:\ti\ccsv6\tools\compiler\msp430_4.3.3\lib\</path>
         <kind>archive</kind>
         <file>rts430x_lc_rd_eabi.lib</file>
         <name>isr_trap.obj</name>
      </input_file>
      <input_file id="fl-4c">
         <path>c:\ti\ccsv6\tools\compiler\msp430_4.3.3\lib\</path>
         <kind>archive</kind>
         <file>rts430x_lc_rd_eabi.lib</file>
         <name>memcpy.obj</name>
      </input_file>
      <input_file id="fl-4d">
         <path>c:\ti\ccsv6\tools\compiler\msp430_4.3.3\lib\</path>
         <kind>archive</kind>
         <file>rts430x_lc_rd_eabi.lib</file>
         <name>mpu_init.obj</name>
      </input_file>
      <input_file id="fl-4e">
         <path>c:\ti\ccsv6\tools\compiler\msp430_4.3.3\lib\</path>
         <kind>archive</kind>
         <file>rts430x_lc_rd_eabi.lib</file>
         <name>pre_init.obj</name>
      </input_file>
      <input_file id="fl-4f">
         <path>c:\ti\ccsv6\tools\compiler\msp430_4.3.3\lib\</path>
         <kind>archive</kind>
         <file>rts430x_lc_rd_eabi.lib</file>
         <name>printf.obj</name>
      </input_file>
      <input_file id="fl-50">
         <path>c:\ti\ccsv6\tools\compiler\msp430_4.3.3\lib\</path>
         <kind>archive</kind>
         <file>rts430x_lc_rd_eabi.lib</file>
         <name>_lock.obj</name>
      </input_file>
      <input_file id="fl-51">
         <path>c:\ti\ccsv6\tools\compiler\msp430_4.3.3\lib\</path>
         <kind>archive</kind>
         <file>rts430x_lc_rd_eabi.lib</file>
         <name>_printfi.obj</name>
      </input_file>
      <input_file id="fl-52">
         <path>c:\ti\ccsv6\tools\compiler\msp430_4.3.3\lib\</path>
         <kind>archive</kind>
         <file>rts430x_lc_rd_eabi.lib</file>
         <name>args_main.obj</name>
      </input_file>
      <input_file id="fl-53">
         <path>c:\ti\ccsv6\tools\compiler\msp430_4.3.3\lib\</path>
         <kind>archive</kind>
         <file>rts430x_lc_rd_eabi.lib</file>
         <name>atoi.obj</name>
      </input_file>
      <input_file id="fl-54">
         <path>c:\ti\ccsv6\tools\compiler\msp430_4.3.3\lib\</path>
         <kind>archive</kind>
         <file>rts430x_lc_rd_eabi.lib</file>
         <name>autoinit.obj</name>
      </input_file>
      <input_file id="fl-55">
         <path>c:\ti\ccsv6\tools\compiler\msp430_4.3.3\lib\</path>
         <kind>archive</kind>
         <file>rts430x_lc_rd_eabi.lib</file>
         <name>cmpd.obj</name>
      </input_file>
      <input_file id="fl-56">
         <path>c:\ti\ccsv6\tools\compiler\msp430_4.3.3\lib\</path>
         <kind>archive</kind>
         <file>rts430x_lc_rd_eabi.lib</file>
         <name>ctype.obj</name>
      </input_file>
      <input_file id="fl-57">
         <path>c:\ti\ccsv6\tools\compiler\msp430_4.3.3\lib\</path>
         <kind>archive</kind>
         <file>rts430x_lc_rd_eabi.lib</file>
         <name>defs.obj</name>
      </input_file>
      <input_file id="fl-58">
         <path>c:\ti\ccsv6\tools\compiler\msp430_4.3.3\lib\</path>
         <kind>archive</kind>
         <file>rts430x_lc_rd_eabi.lib</file>
         <name>div16u.obj</name>
      </input_file>
      <input_file id="fl-59">
         <path>c:\ti\ccsv6\tools\compiler\msp430_4.3.3\lib\</path>
         <kind>archive</kind>
         <file>rts430x_lc_rd_eabi.lib</file>
         <name>div32u.obj</name>
      </input_file>
      <input_file id="fl-5a">
         <path>c:\ti\ccsv6\tools\compiler\msp430_4.3.3\lib\</path>
         <kind>archive</kind>
         <file>rts430x_lc_rd_eabi.lib</file>
         <name>divd.obj</name>
      </input_file>
      <input_file id="fl-5b">
         <path>c:\ti\ccsv6\tools\compiler\msp430_4.3.3\lib\</path>
         <kind>archive</kind>
         <file>rts430x_lc_rd_eabi.lib</file>
         <name>fixdli.obj</name>
      </input_file>
      <input_file id="fl-5c">
         <path>c:\ti\ccsv6\tools\compiler\msp430_4.3.3\lib\</path>
         <kind>archive</kind>
         <file>rts430x_lc_rd_eabi.lib</file>
         <name>fixdu.obj</name>
      </input_file>
      <input_file id="fl-5d">
         <path>c:\ti\ccsv6\tools\compiler\msp430_4.3.3\lib\</path>
         <kind>archive</kind>
         <file>rts430x_lc_rd_eabi.lib</file>
         <name>fixdul.obj</name>
      </input_file>
      <input_file id="fl-5e">
         <path>c:\ti\ccsv6\tools\compiler\msp430_4.3.3\lib\</path>
         <kind>archive</kind>
         <file>rts430x_lc_rd_eabi.lib</file>
         <name>fltlid.obj</name>
      </input_file>
      <input_file id="fl-5f">
         <path>c:\ti\ccsv6\tools\compiler\msp430_4.3.3\lib\</path>
         <kind>archive</kind>
         <file>rts430x_lc_rd_eabi.lib</file>
         <name>fputc.obj</name>
      </input_file>
      <input_file id="fl-60">
         <path>c:\ti\ccsv6\tools\compiler\msp430_4.3.3\lib\</path>
         <kind>archive</kind>
         <file>rts430x_lc_rd_eabi.lib</file>
         <name>fputs.obj</name>
      </input_file>
      <input_file id="fl-61">
         <path>c:\ti\ccsv6\tools\compiler\msp430_4.3.3\lib\</path>
         <kind>archive</kind>
         <file>rts430x_lc_rd_eabi.lib</file>
         <name>frcdivd.obj</name>
      </input_file>
      <input_file id="fl-62">
         <path>c:\ti\ccsv6\tools\compiler\msp430_4.3.3\lib\</path>
         <kind>archive</kind>
         <file>rts430x_lc_rd_eabi.lib</file>
         <name>llmath.obj</name>
      </input_file>
      <input_file id="fl-63">
         <path>c:\ti\ccsv6\tools\compiler\msp430_4.3.3\lib\</path>
         <kind>archive</kind>
         <file>rts430x_lc_rd_eabi.lib</file>
         <name>lowlev.obj</name>
      </input_file>
      <input_file id="fl-64">
         <path>c:\ti\ccsv6\tools\compiler\msp430_4.3.3\lib\</path>
         <kind>archive</kind>
         <file>rts430x_lc_rd_eabi.lib</file>
         <name>lsl32.obj</name>
      </input_file>
      <input_file id="fl-65">
         <path>c:\ti\ccsv6\tools\compiler\msp430_4.3.3\lib\</path>
         <kind>archive</kind>
         <file>rts430x_lc_rd_eabi.lib</file>
         <name>lsr32.obj</name>
      </input_file>
      <input_file id="fl-66">
         <path>c:\ti\ccsv6\tools\compiler\msp430_4.3.3\lib\</path>
         <kind>archive</kind>
         <file>rts430x_lc_rd_eabi.lib</file>
         <name>ltoa.obj</name>
      </input_file>
      <input_file id="fl-67">
         <path>c:\ti\ccsv6\tools\compiler\msp430_4.3.3\lib\</path>
         <kind>archive</kind>
         <file>rts430x_lc_rd_eabi.lib</file>
         <name>memccpy.obj</name>
      </input_file>
      <input_file id="fl-68">
         <path>c:\ti\ccsv6\tools\compiler\msp430_4.3.3\lib\</path>
         <kind>archive</kind>
         <file>rts430x_lc_rd_eabi.lib</file>
         <name>memchr.obj</name>
      </input_file>
      <input_file id="fl-69">
         <path>c:\ti\ccsv6\tools\compiler\msp430_4.3.3\lib\</path>
         <kind>archive</kind>
         <file>rts430x_lc_rd_eabi.lib</file>
         <name>memset.obj</name>
      </input_file>
      <input_file id="fl-6a">
         <path>c:\ti\ccsv6\tools\compiler\msp430_4.3.3\lib\</path>
         <kind>archive</kind>
         <file>rts430x_lc_rd_eabi.lib</file>
         <name>mpyd.obj</name>
      </input_file>
      <input_file id="fl-6b">
         <path>c:\ti\ccsv6\tools\compiler\msp430_4.3.3\lib\</path>
         <kind>archive</kind>
         <file>rts430x_lc_rd_eabi.lib</file>
         <name>mult16_f5hw.obj</name>
      </input_file>
      <input_file id="fl-6c">
         <path>c:\ti\ccsv6\tools\compiler\msp430_4.3.3\lib\</path>
         <kind>archive</kind>
         <file>rts430x_lc_rd_eabi.lib</file>
         <name>mult32_f5hw.obj</name>
      </input_file>
      <input_file id="fl-6d">
         <path>c:\ti\ccsv6\tools\compiler\msp430_4.3.3\lib\</path>
         <kind>archive</kind>
         <file>rts430x_lc_rd_eabi.lib</file>
         <name>mult64_f5hw.obj</name>
      </input_file>
      <input_file id="fl-6e">
         <path>c:\ti\ccsv6\tools\compiler\msp430_4.3.3\lib\</path>
         <kind>archive</kind>
         <file>rts430x_lc_rd_eabi.lib</file>
         <name>negd.obj</name>
      </input_file>
      <input_file id="fl-6f">
         <path>c:\ti\ccsv6\tools\compiler\msp430_4.3.3\lib\</path>
         <kind>archive</kind>
         <file>rts430x_lc_rd_eabi.lib</file>
         <name>strchr.obj</name>
      </input_file>
      <input_file id="fl-70">
         <path>c:\ti\ccsv6\tools\compiler\msp430_4.3.3\lib\</path>
         <kind>archive</kind>
         <file>rts430x_lc_rd_eabi.lib</file>
         <name>strcmp.obj</name>
      </input_file>
      <input_file id="fl-71">
         <path>c:\ti\ccsv6\tools\compiler\msp430_4.3.3\lib\</path>
         <kind>archive</kind>
         <file>rts430x_lc_rd_eabi.lib</file>
         <name>strlen.obj</name>
      </input_file>
      <input_file id="fl-72">
         <path>c:\ti\ccsv6\tools\compiler\msp430_4.3.3\lib\</path>
         <kind>archive</kind>
         <file>rts430x_lc_rd_eabi.lib</file>
         <name>strncpy.obj</name>
      </input_file>
      <input_file id="fl-73">
         <path>c:\ti\ccsv6\tools\compiler\msp430_4.3.3\lib\</path>
         <kind>archive</kind>
         <file>rts430x_lc_rd_eabi.lib</file>
         <name>subd.obj</name>
      </input_file>
      <input_file id="fl-74">
         <path>c:\ti\ccsv6\tools\compiler\msp430_4.3.3\lib\</path>
         <kind>archive</kind>
         <file>rts430x_lc_rd_eabi.lib</file>
         <name>toupper.obj</name>
      </input_file>
      <input_file id="fl-75">
         <path>c:\ti\ccsv6\tools\compiler\msp430_4.3.3\lib\</path>
         <kind>archive</kind>
         <file>rts430x_lc_rd_eabi.lib</file>
         <name>trgdrv.obj</name>
      </input_file>
      <input_file id="fl-76">
         <path>c:\ti\ccsv6\tools\compiler\msp430_4.3.3\lib\</path>
         <kind>archive</kind>
         <file>rts430x_lc_rd_eabi.lib</file>
         <name>trgmsg.obj</name>
      </input_file>
      <input_file id="fl-77">
         <path>c:\ti\ccsv6\tools\compiler\msp430_4.3.3\lib\</path>
         <kind>archive</kind>
         <file>rts430x_lc_rd_eabi.lib</file>
         <name>xdclass.obj</name>
      </input_file>
      <input_file id="fl-78">
         <path>c:\ti\ccsv6\tools\compiler\msp430_4.3.3\lib\</path>
         <kind>archive</kind>
         <file>rts430x_lc_rd_eabi.lib</file>
         <name>_io_perm.obj</name>
      </input_file>
      <input_file id="fl-79">
         <path>c:\ti\ccsv6\tools\compiler\msp430_4.3.3\lib\</path>
         <kind>archive</kind>
         <file>rts430x_lc_rd_eabi.lib</file>
         <name>abs.obj</name>
      </input_file>
      <input_file id="fl-7a">
         <path>c:\ti\ccsv6\tools\compiler\msp430_4.3.3\lib\</path>
         <kind>archive</kind>
         <file>rts430x_lc_rd_eabi.lib</file>
         <name>addd.obj</name>
      </input_file>
      <input_file id="fl-7b">
         <path>c:\ti\ccsv6\tools\compiler\msp430_4.3.3\lib\</path>
         <kind>archive</kind>
         <file>rts430x_lc_rd_eabi.lib</file>
         <name>asr32.obj</name>
      </input_file>
      <input_file id="fl-7c">
         <path>c:\ti\ccsv6\tools\compiler\msp430_4.3.3\lib\</path>
         <kind>archive</kind>
         <file>rts430x_lc_rd_eabi.lib</file>
         <name>div16s.obj</name>
      </input_file>
      <input_file id="fl-7d">
         <path>c:\ti\ccsv6\tools\compiler\msp430_4.3.3\lib\</path>
         <kind>archive</kind>
         <file>rts430x_lc_rd_eabi.lib</file>
         <name>div32s.obj</name>
      </input_file>
      <input_file id="fl-7e">
         <path>c:\ti\ccsv6\tools\compiler\msp430_4.3.3\lib\</path>
         <kind>archive</kind>
         <file>rts430x_lc_rd_eabi.lib</file>
         <name>fflush.obj</name>
      </input_file>
      <input_file id="fl-7f">
         <path>c:\ti\ccsv6\tools\compiler\msp430_4.3.3\lib\</path>
         <kind>archive</kind>
         <file>rts430x_lc_rd_eabi.lib</file>
         <name>frcaddd.obj</name>
      </input_file>
      <input_file id="fl-80">
         <path>c:\ti\ccsv6\tools\compiler\msp430_4.3.3\lib\</path>
         <kind>archive</kind>
         <file>rts430x_lc_rd_eabi.lib</file>
         <name>frcmpyd.obj</name>
      </input_file>
      <input_file id="fl-81">
         <path>c:\ti\ccsv6\tools\compiler\msp430_4.3.3\lib\</path>
         <kind>archive</kind>
         <file>rts430x_lc_rd_eabi.lib</file>
         <name>fseek.obj</name>
      </input_file>
      <input_file id="fl-82">
         <path>c:\ti\ccsv6\tools\compiler\msp430_4.3.3\lib\</path>
         <kind>archive</kind>
         <file>rts430x_lc_rd_eabi.lib</file>
         <name>llabs.obj</name>
      </input_file>
      <input_file id="fl-83">
         <path>c:\ti\ccsv6\tools\compiler\msp430_4.3.3\lib\</path>
         <kind>archive</kind>
         <file>rts430x_lc_rd_eabi.lib</file>
         <name>renormd.obj</name>
      </input_file>
      <input_file id="fl-84">
         <path>c:\ti\ccsv6\tools\compiler\msp430_4.3.3\lib\</path>
         <kind>archive</kind>
         <file>rts430x_lc_rd_eabi.lib</file>
         <name>setvbuf.obj</name>
      </input_file>
      <input_file id="fl-85">
         <path>c:\ti\ccsv6\tools\compiler\msp430_4.3.3\lib\</path>
         <kind>archive</kind>
         <file>rts430x_lc_rd_eabi.lib</file>
         <name>strcpy.obj</name>
      </input_file>
      <input_file id="fl-86">
         <path>c:\ti\ccsv6\tools\compiler\msp430_4.3.3\lib\</path>
         <kind>archive</kind>
         <file>rts430x_lc_rd_eabi.lib</file>
         <name>fopen.obj</name>
      </input_file>
      <input_file id="fl-87">
         <path>c:\ti\ccsv6\tools\compiler\msp430_4.3.3\lib\</path>
         <kind>archive</kind>
         <file>rts430x_lc_rd_eabi.lib</file>
         <name>memory.obj</name>
      </input_file>
      <input_file id="fl-88">
         <path>c:\ti\ccsv6\tools\compiler\msp430_4.3.3\lib\</path>
         <kind>archive</kind>
         <file>rts430x_lc_rd_eabi.lib</file>
         <name>fclose.obj</name>
      </input_file>
      <input_file id="fl-89">
         <path>c:\ti\ccsv6\tools\compiler\msp430_4.3.3\lib\</path>
         <kind>archive</kind>
         <file>rts430x_lc_rd_eabi.lib</file>
         <name>remove.obj</name>
      </input_file>
   </input_file_list>
   <object_component_list>
      <object_component id="oc-9b">
         <name>.sysmem</name>
         <uninitialized>true</uninitialized>
         <run_address>0x1d8c</run_address>
         <size>0x6</size>
         <input_file_ref idref="fl-87"/>
      </object_component>
      <object_component id="oc-54d">
         <name>.sysmem</name>
         <uninitialized>true</uninitialized>
         <run_address>0x1d8c</run_address>
         <size>0x0</size>
      </object_component>
      <object_component id="oc-97">
         <name>.stack</name>
         <uninitialized>true</uninitialized>
         <run_address>0x5ac0</run_address>
         <size>0x4</size>
         <input_file_ref idref="fl-32"/>
      </object_component>
      <object_component id="oc-54c">
         <name>.stack</name>
         <uninitialized>true</uninitialized>
         <run_address>0x5ac0</run_address>
         <size>0x0</size>
      </object_component>
      <object_component id="oc-39e">
         <name>.text:__TI_frcdivd</name>
         <load_address>0x10000</load_address>
         <run_address>0x10000</run_address>
         <size>0x452</size>
         <input_file_ref idref="fl-61"/>
      </object_component>
      <object_component id="oc-367">
         <name>.text:__mspabi_divull</name>
         <load_address>0x10452</load_address>
         <run_address>0x10452</run_address>
         <size>0x38e</size>
         <input_file_ref idref="fl-62"/>
      </object_component>
      <object_component id="oc-396">
         <name>.text:__TI_frcmpyd</name>
         <load_address>0x107e0</load_address>
         <run_address>0x107e0</run_address>
         <size>0x2e4</size>
         <input_file_ref idref="fl-80"/>
      </object_component>
      <object_component id="oc-439">
         <name>.text:__mspabi_addd</name>
         <load_address>0x10ac4</load_address>
         <run_address>0x10ac4</run_address>
         <size>0x2d8</size>
         <input_file_ref idref="fl-7a"/>
      </object_component>
      <object_component id="oc-2f4">
         <name>.text:__mspabi_mpyd</name>
         <load_address>0x10d9c</load_address>
         <run_address>0x10d9c</run_address>
         <size>0x282</size>
         <input_file_ref idref="fl-6a"/>
      </object_component>
      <object_component id="oc-19e">
         <name>.text:_setfield</name>
         <load_address>0x1101e</load_address>
         <run_address>0x1101e</run_address>
         <size>0x256</size>
         <input_file_ref idref="fl-51"/>
      </object_component>
      <object_component id="oc-47e">
         <name>.text:__TI_frcaddd</name>
         <load_address>0x11274</load_address>
         <run_address>0x11274</run_address>
         <size>0x252</size>
         <input_file_ref idref="fl-7f"/>
      </object_component>
      <object_component id="oc-2d4">
         <name>.text:ecvt</name>
         <load_address>0x114c6</load_address>
         <run_address>0x114c6</run_address>
         <size>0x22c</size>
         <input_file_ref idref="fl-51"/>
      </object_component>
      <object_component id="oc-2fa">
         <name>.text:__mspabi_divd</name>
         <load_address>0x116f2</load_address>
         <run_address>0x116f2</run_address>
         <size>0x222</size>
         <input_file_ref idref="fl-5a"/>
      </object_component>
      <object_component id="oc-2e7">
         <name>.text:fcvt</name>
         <load_address>0x11914</load_address>
         <run_address>0x11914</run_address>
         <size>0x21a</size>
         <input_file_ref idref="fl-51"/>
      </object_component>
      <object_component id="oc-148">
         <name>.text:__TI_printfi</name>
         <load_address>0x11b2e</load_address>
         <run_address>0x11b2e</run_address>
         <size>0x202</size>
         <input_file_ref idref="fl-51"/>
      </object_component>
      <object_component id="oc-1fa">
         <name>.text:_pproc_fge</name>
         <load_address>0x11d30</load_address>
         <run_address>0x11d30</run_address>
         <size>0x1f8</size>
         <input_file_ref idref="fl-51"/>
      </object_component>
      <object_component id="oc-26b">
         <name>.text:_pconv_e</name>
         <load_address>0x11f28</load_address>
         <run_address>0x11f28</run_address>
         <size>0x1aa</size>
         <input_file_ref idref="fl-51"/>
      </object_component>
      <object_component id="oc-240">
         <name>.text:_getarg_diouxp</name>
         <load_address>0x120d2</load_address>
         <run_address>0x120d2</run_address>
         <size>0x188</size>
         <input_file_ref idref="fl-51"/>
      </object_component>
      <object_component id="oc-1f4">
         <name>.text:_pproc_diouxp</name>
         <load_address>0x1225a</load_address>
         <run_address>0x1225a</run_address>
         <size>0x14c</size>
         <input_file_ref idref="fl-51"/>
      </object_component>
      <object_component id="oc-25f">
         <name>.text:_pconv_g</name>
         <load_address>0x123a6</load_address>
         <run_address>0x123a6</run_address>
         <size>0x10c</size>
         <input_file_ref idref="fl-51"/>
      </object_component>
      <object_component id="oc-246">
         <name>.text:_ltostr</name>
         <load_address>0x124b2</load_address>
         <run_address>0x124b2</run_address>
         <size>0x102</size>
         <input_file_ref idref="fl-51"/>
      </object_component>
      <object_component id="oc-198">
         <name>.text:_pproc_fwp</name>
         <load_address>0x125b4</load_address>
         <run_address>0x125b4</run_address>
         <size>0xfa</size>
         <input_file_ref idref="fl-51"/>
      </object_component>
      <object_component id="oc-17e">
         <name>.text:fputs</name>
         <load_address>0x126ae</load_address>
         <run_address>0x126ae</run_address>
         <size>0xf0</size>
         <input_file_ref idref="fl-60"/>
      </object_component>
      <object_component id="oc-21d">
         <name>.text:setvbuf</name>
         <load_address>0x1279e</load_address>
         <run_address>0x1279e</run_address>
         <size>0xe0</size>
         <input_file_ref idref="fl-84"/>
      </object_component>
      <object_component id="oc-271">
         <name>.text:__mspabi_cmpd</name>
         <load_address>0x1287e</load_address>
         <run_address>0x1287e</run_address>
         <size>0xd8</size>
         <input_file_ref idref="fl-55"/>
      </object_component>
      <object_component id="oc-28f">
         <name>.text:malloc</name>
         <load_address>0x12956</load_address>
         <run_address>0x12956</run_address>
         <size>0xba</size>
         <input_file_ref idref="fl-87"/>
      </object_component>
      <object_component id="oc-4b9">
         <name>.text:__TI_renormd</name>
         <load_address>0x12a10</load_address>
         <run_address>0x12a10</run_address>
         <size>0xb2</size>
         <input_file_ref idref="fl-83"/>
      </object_component>
      <object_component id="oc-1a4">
         <name>.text:_pproc_str</name>
         <load_address>0x12ac2</load_address>
         <run_address>0x12ac2</run_address>
         <size>0xa8</size>
         <input_file_ref idref="fl-51"/>
      </object_component>
      <object_component id="oc-341">
         <name>.text:HOSTlseek</name>
         <load_address>0x12b6a</load_address>
         <run_address>0x12b6a</run_address>
         <size>0x9e</size>
         <input_file_ref idref="fl-75"/>
      </object_component>
      <object_component id="oc-379">
         <name>.text:__mspabi_fltlid</name>
         <load_address>0x12c08</load_address>
         <run_address>0x12c08</run_address>
         <size>0x94</size>
         <input_file_ref idref="fl-5e"/>
      </object_component>
      <object_component id="oc-185">
         <name>.text:fputc</name>
         <load_address>0x12c9c</load_address>
         <run_address>0x12c9c</run_address>
         <size>0x90</size>
         <input_file_ref idref="fl-5f"/>
      </object_component>
      <object_component id="oc-289">
         <name>.text:free</name>
         <load_address>0x12d2c</load_address>
         <run_address>0x12d2c</run_address>
         <size>0x8e</size>
         <input_file_ref idref="fl-87"/>
      </object_component>
      <object_component id="oc-2c3">
         <name>.text:_div</name>
         <load_address>0x12dba</load_address>
         <run_address>0x12dba</run_address>
         <size>0x88</size>
         <input_file_ref idref="fl-51"/>
      </object_component>
      <object_component id="oc-2da">
         <name>.text:_ecpy</name>
         <load_address>0x12e42</load_address>
         <run_address>0x12e42</run_address>
         <size>0x88</size>
         <input_file_ref idref="fl-51"/>
      </object_component>
      <object_component id="oc-373">
         <name>.text:ltoa</name>
         <load_address>0x12eca</load_address>
         <run_address>0x12eca</run_address>
         <size>0x80</size>
         <input_file_ref idref="fl-66"/>
      </object_component>
      <object_component id="oc-1c7">
         <name>.text:__TI_wrt_ok</name>
         <load_address>0x12f4a</load_address>
         <run_address>0x12f4a</run_address>
         <size>0x7e</size>
         <input_file_ref idref="fl-78"/>
      </object_component>
      <object_component id="oc-2e0">
         <name>.text:_mcpy</name>
         <load_address>0x12fc8</load_address>
         <run_address>0x12fc8</run_address>
         <size>0x7e</size>
         <input_file_ref idref="fl-51"/>
      </object_component>
      <object_component id="oc-265">
         <name>.text:_pconv_f</name>
         <load_address>0x13046</load_address>
         <run_address>0x13046</run_address>
         <size>0x7e</size>
         <input_file_ref idref="fl-51"/>
      </object_component>
      <object_component id="oc-34d">
         <name>.text:HOSTrename</name>
         <load_address>0x130c4</load_address>
         <run_address>0x130c4</run_address>
         <size>0x74</size>
         <input_file_ref idref="fl-75"/>
      </object_component>
      <object_component id="oc-31d">
         <name>.text:__TI_closefile</name>
         <load_address>0x13138</load_address>
         <run_address>0x13138</run_address>
         <size>0x70</size>
         <input_file_ref idref="fl-88"/>
      </object_component>
      <object_component id="oc-329">
         <name>.text:HOSTopen</name>
         <load_address>0x131a8</load_address>
         <run_address>0x131a8</run_address>
         <size>0x6e</size>
         <input_file_ref idref="fl-75"/>
      </object_component>
      <object_component id="oc-af">
         <name>.text:_auto_init_hold_wdt</name>
         <load_address>0x13216</load_address>
         <run_address>0x13216</run_address>
         <size>0x6e</size>
         <input_file_ref idref="fl-54"/>
      </object_component>
      <object_component id="oc-33b">
         <name>.text:HOSTwrite</name>
         <load_address>0x13284</load_address>
         <run_address>0x13284</run_address>
         <size>0x6a</size>
         <input_file_ref idref="fl-75"/>
      </object_component>
      <object_component id="oc-217">
         <name>.text:fseek</name>
         <load_address>0x132ee</load_address>
         <run_address>0x132ee</run_address>
         <size>0x6a</size>
         <input_file_ref idref="fl-81"/>
      </object_component>
      <object_component id="oc-335">
         <name>.text:HOSTread</name>
         <load_address>0x13358</load_address>
         <run_address>0x13358</run_address>
         <size>0x68</size>
         <input_file_ref idref="fl-75"/>
      </object_component>
      <object_component id="oc-441">
         <name>.text:__mspabi_fixdul</name>
         <load_address>0x133c0</load_address>
         <run_address>0x133c0</run_address>
         <size>0x68</size>
         <input_file_ref idref="fl-5d"/>
      </object_component>
      <object_component id="oc-38b">
         <name>.text:__mspabi_fixdli</name>
         <load_address>0x13428</load_address>
         <run_address>0x13428</run_address>
         <size>0x66</size>
         <input_file_ref idref="fl-5b"/>
      </object_component>
      <object_component id="oc-1d3">
         <name>.text:__TI_doflush</name>
         <load_address>0x1348e</load_address>
         <run_address>0x1348e</run_address>
         <size>0x64</size>
         <input_file_ref idref="fl-7e"/>
      </object_component>
      <object_component id="oc-dc">
         <name>.text:__TI_decompress_rle_core</name>
         <load_address>0x134f2</load_address>
         <run_address>0x134f2</run_address>
         <size>0x62</size>
         <input_file_ref idref="fl-34"/>
      </object_component>
      <object_component id="oc-1e6">
         <name>.text:atoi</name>
         <load_address>0x13554</load_address>
         <run_address>0x13554</run_address>
         <size>0x62</size>
         <input_file_ref idref="fl-53"/>
      </object_component>
      <object_component id="oc-2c9">
         <name>.text:__mpyll</name>
         <load_address>0x135b6</load_address>
         <run_address>0x135b6</run_address>
         <size>0x5a</size>
         <input_file_ref idref="fl-6d"/>
      </object_component>
      <object_component id="oc-3b0">
         <name>.text:close</name>
         <load_address>0x13610</load_address>
         <run_address>0x13610</run_address>
         <size>0x5a</size>
         <input_file_ref idref="fl-63"/>
      </object_component>
      <object_component id="oc-45e">
         <name>.text:getdevice</name>
         <load_address>0x1366a</load_address>
         <run_address>0x1366a</run_address>
         <size>0x5a</size>
         <input_file_ref idref="fl-63"/>
      </object_component>
      <object_component id="oc-362">
         <name>.text</name>
         <load_address>0x136c4</load_address>
         <run_address>0x136c4</run_address>
         <size>0x58</size>
         <input_file_ref idref="fl-59"/>
      </object_component>
      <object_component id="oc-253">
         <name>.text:_Dclass</name>
         <load_address>0x1371c</load_address>
         <run_address>0x1371c</run_address>
         <size>0x50</size>
         <input_file_ref idref="fl-77"/>
      </object_component>
      <object_component id="oc-2ed">
         <name>.text:_fcpy</name>
         <load_address>0x1376c</load_address>
         <run_address>0x1376c</run_address>
         <size>0x4e</size>
         <input_file_ref idref="fl-51"/>
      </object_component>
      <object_component id="oc-32f">
         <name>.text:HOSTclose</name>
         <load_address>0x137ba</load_address>
         <run_address>0x137ba</run_address>
         <size>0x4c</size>
         <input_file_ref idref="fl-75"/>
      </object_component>
      <object_component id="oc-f6">
         <name>.text:printf</name>
         <load_address>0x13806</load_address>
         <run_address>0x13806</run_address>
         <size>0x4a</size>
         <input_file_ref idref="fl-4f"/>
      </object_component>
      <object_component id="oc-347">
         <name>.text:HOSTunlink</name>
         <load_address>0x13850</load_address>
         <run_address>0x13850</run_address>
         <size>0x46</size>
         <input_file_ref idref="fl-75"/>
      </object_component>
      <object_component id="oc-192">
         <name>.text:_pproc_fflags</name>
         <load_address>0x13896</load_address>
         <run_address>0x13896</run_address>
         <size>0x46</size>
         <input_file_ref idref="fl-51"/>
      </object_component>
      <object_component id="oc-313">
         <name>.text:minit</name>
         <load_address>0x138dc</load_address>
         <run_address>0x138dc</run_address>
         <size>0x42</size>
         <input_file_ref idref="fl-87"/>
      </object_component>
      <object_component id="oc-42a">
         <name>.text</name>
         <load_address>0x1391e</load_address>
         <run_address>0x1391e</run_address>
         <size>0x40</size>
         <input_file_ref idref="fl-7d"/>
      </object_component>
      <object_component id="oc-450">
         <name>.text:l_asr_const</name>
         <load_address>0x1395e</load_address>
         <run_address>0x1395e</run_address>
         <size>0x3e</size>
         <input_file_ref idref="fl-7b"/>
      </object_component>
      <object_component id="oc-401">
         <name>.text:l_lsl_const</name>
         <load_address>0x1399c</load_address>
         <run_address>0x1399c</run_address>
         <size>0x3e</size>
         <input_file_ref idref="fl-64"/>
      </object_component>
      <object_component id="oc-3f4">
         <name>.text:l_lsr_const</name>
         <load_address>0x139da</load_address>
         <run_address>0x139da</run_address>
         <size>0x3e</size>
         <input_file_ref idref="fl-65"/>
      </object_component>
      <object_component id="oc-281">
         <name>.text:lseek</name>
         <load_address>0x13a18</load_address>
         <run_address>0x13a18</run_address>
         <size>0x3e</size>
         <input_file_ref idref="fl-63"/>
      </object_component>
      <object_component id="oc-1d9">
         <name>.text:write</name>
         <load_address>0x13a56</load_address>
         <run_address>0x13a56</run_address>
         <size>0x3c</size>
         <input_file_ref idref="fl-63"/>
      </object_component>
      <object_component id="oc-41d">
         <name>.text:__mspabi_sllll</name>
         <load_address>0x13a92</load_address>
         <run_address>0x13a92</run_address>
         <size>0x3a</size>
         <input_file_ref idref="fl-62"/>
      </object_component>
      <object_component id="oc-357">
         <name>.text:__mspabi_srlll</name>
         <load_address>0x13acc</load_address>
         <run_address>0x13acc</run_address>
         <size>0x3a</size>
         <input_file_ref idref="fl-62"/>
      </object_component>
      <object_component id="oc-158">
         <name>.text:configureUCA0</name>
         <load_address>0x13b06</load_address>
         <run_address>0x13b06</run_address>
         <size>0x38</size>
         <input_file_ref idref="fl-3"/>
      </object_component>
      <object_component id="oc-15e">
         <name>.text:configureUCA1</name>
         <load_address>0x13b3e</load_address>
         <run_address>0x13b3e</run_address>
         <size>0x38</size>
         <input_file_ref idref="fl-3"/>
      </object_component>
      <object_component id="oc-295">
         <name>.text:__TI_cleanup</name>
         <load_address>0x13b76</load_address>
         <run_address>0x13b76</run_address>
         <size>0x36</size>
         <input_file_ref idref="fl-86"/>
      </object_component>
      <object_component id="oc-3c8">
         <name>.text:__TI_writemsg</name>
         <load_address>0x13bac</load_address>
         <run_address>0x13bac</run_address>
         <size>0x36</size>
         <input_file_ref idref="fl-76"/>
      </object_component>
      <object_component id="oc-3cf">
         <name>.text:__TI_readmsg</name>
         <load_address>0x13be2</load_address>
         <run_address>0x13be2</run_address>
         <size>0x32</size>
         <input_file_ref idref="fl-76"/>
      </object_component>
      <object_component id="oc-37f">
         <name>.text:__mspabi_subd</name>
         <load_address>0x13c14</load_address>
         <run_address>0x13c14</run_address>
         <size>0x32</size>
         <input_file_ref idref="fl-73"/>
      </object_component>
      <object_component id="oc-49a">
         <name>.text:strncpy</name>
         <load_address>0x13c46</load_address>
         <run_address>0x13c46</run_address>
         <size>0x32</size>
         <input_file_ref idref="fl-72"/>
      </object_component>
      <object_component id="oc-3b7">
         <name>.text:unlink</name>
         <load_address>0x13c78</load_address>
         <run_address>0x13c78</run_address>
         <size>0x30</size>
         <input_file_ref idref="fl-63"/>
      </object_component>
      <object_component id="oc-259">
         <name>.text:__mspabi_negd</name>
         <load_address>0x13ca8</load_address>
         <run_address>0x13ca8</run_address>
         <size>0x2e</size>
         <input_file_ref idref="fl-6e"/>
      </object_component>
      <object_component id="oc-106">
         <name>.text:configureMSP</name>
         <load_address>0x13cd6</load_address>
         <run_address>0x13cd6</run_address>
         <size>0x2e</size>
         <input_file_ref idref="fl-2"/>
      </object_component>
      <object_component id="oc-bb">
         <name>.text:exit</name>
         <load_address>0x13d04</load_address>
         <run_address>0x13d04</run_address>
         <size>0x2e</size>
         <input_file_ref idref="fl-36"/>
      </object_component>
      <object_component id="oc-4a0">
         <name>.text:finddevice</name>
         <load_address>0x13d32</load_address>
         <run_address>0x13d32</run_address>
         <size>0x2e</size>
         <input_file_ref idref="fl-63"/>
      </object_component>
      <object_component id="oc-8b">
         <name>.text:decompress:ZI:__TI_zero_init</name>
         <load_address>0x13d60</load_address>
         <run_address>0x13d60</run_address>
         <size>0x24</size>
         <input_file_ref idref="fl-35"/>
      </object_component>
      <object_component id="oc-44b">
         <name>.text</name>
         <load_address>0x13d84</load_address>
         <run_address>0x13d84</run_address>
         <size>0x22</size>
         <input_file_ref idref="fl-6c"/>
      </object_component>
      <object_component id="oc-200">
         <name>.text:memccpy</name>
         <load_address>0x13da6</load_address>
         <run_address>0x13da6</run_address>
         <size>0x20</size>
         <input_file_ref idref="fl-67"/>
      </object_component>
      <object_component id="oc-4c9">
         <name>.text:strcmp</name>
         <load_address>0x13dc6</load_address>
         <run_address>0x13dc6</run_address>
         <size>0x1c</size>
         <input_file_ref idref="fl-70"/>
      </object_component>
      <object_component id="oc-494">
         <name>.text:strchr</name>
         <load_address>0x13de2</load_address>
         <run_address>0x13de2</run_address>
         <size>0x1a</size>
         <input_file_ref idref="fl-6f"/>
      </object_component>
      <object_component id="oc-1cd">
         <name>.text:memchr</name>
         <load_address>0x13dfc</load_address>
         <run_address>0x13dfc</run_address>
         <size>0x16</size>
         <input_file_ref idref="fl-68"/>
      </object_component>
      <object_component id="oc-1ec">
         <name>.text:memset</name>
         <load_address>0x13e12</load_address>
         <run_address>0x13e12</run_address>
         <size>0x16</size>
         <input_file_ref idref="fl-69"/>
      </object_component>
      <object_component id="oc-35d">
         <name>.text</name>
         <load_address>0x13e28</load_address>
         <run_address>0x13e28</run_address>
         <size>0x16</size>
         <input_file_ref idref="fl-58"/>
      </object_component>
      <object_component id="oc-229">
         <name>.text</name>
         <load_address>0x13e3e</load_address>
         <run_address>0x13e3e</run_address>
         <size>0x16</size>
         <input_file_ref idref="fl-6b"/>
      </object_component>
      <object_component id="oc-c8">
         <name>.text:memcpy</name>
         <load_address>0x13e54</load_address>
         <run_address>0x13e54</run_address>
         <size>0x14</size>
         <input_file_ref idref="fl-4c"/>
      </object_component>
      <object_component id="oc-385">
         <name>.text:__mspabi_fixdu</name>
         <load_address>0x13e68</load_address>
         <run_address>0x13e68</run_address>
         <size>0x12</size>
         <input_file_ref idref="fl-5c"/>
      </object_component>
      <object_component id="oc-85">
         <name>.text:decompress:none:__TI_decompress_none</name>
         <load_address>0x13e7a</load_address>
         <run_address>0x13e7a</run_address>
         <size>0x12</size>
         <input_file_ref idref="fl-33"/>
      </object_component>
      <object_component id="oc-40f">
         <name>.text:strcpy</name>
         <load_address>0x13e8c</load_address>
         <run_address>0x13e8c</run_address>
         <size>0x12</size>
         <input_file_ref idref="fl-85"/>
      </object_component>
      <object_component id="oc-24d">
         <name>.text:toupper</name>
         <load_address>0x13e9e</load_address>
         <run_address>0x13e9e</run_address>
         <size>0x12</size>
         <input_file_ref idref="fl-74"/>
      </object_component>
      <object_component id="oc-4b4">
         <name>.text:l_asr</name>
         <load_address>0x13eb0</load_address>
         <run_address>0x13eb0</run_address>
         <size>0x10</size>
         <input_file_ref idref="fl-7b"/>
      </object_component>
      <object_component id="oc-4af">
         <name>.text:l_lsl</name>
         <load_address>0x13ec0</load_address>
         <run_address>0x13ec0</run_address>
         <size>0x10</size>
         <input_file_ref idref="fl-64"/>
      </object_component>
      <object_component id="oc-423">
         <name>.text:l_lsr</name>
         <load_address>0x13ed0</load_address>
         <run_address>0x13ed0</run_address>
         <size>0x10</size>
         <input_file_ref idref="fl-65"/>
      </object_component>
      <object_component id="oc-b5">
         <name>.text:main</name>
         <load_address>0x13ee0</load_address>
         <run_address>0x13ee0</run_address>
         <size>0x10</size>
         <input_file_ref idref="fl-2"/>
      </object_component>
      <object_component id="oc-18c">
         <name>.text:strlen</name>
         <load_address>0x13ef0</load_address>
         <run_address>0x13ef0</run_address>
         <size>0xe</size>
         <input_file_ref idref="fl-71"/>
      </object_component>
      <object_component id="oc-fc">
         <name>.text:uart_send_char</name>
         <load_address>0x13efe</load_address>
         <run_address>0x13efe</run_address>
         <size>0xc</size>
         <input_file_ref idref="fl-3"/>
      </object_component>
      <object_component id="oc-42f">
         <name>.text:abs</name>
         <load_address>0x13f0a</load_address>
         <run_address>0x13f0a</run_address>
         <size>0xa</size>
         <input_file_ref idref="fl-79"/>
      </object_component>
      <object_component id="oc-9e">
         <name>.text:__TI_ISR_TRAP</name>
         <load_address>0x13f14</load_address>
         <run_address>0x13f14</run_address>
         <size>0x6</size>
         <input_file_ref idref="fl-4b"/>
      </object_component>
      <object_component id="oc-142">
         <name>.text:_outc</name>
         <load_address>0x13f1a</load_address>
         <run_address>0x13f1a</run_address>
         <size>0x6</size>
         <input_file_ref idref="fl-4f"/>
      </object_component>
      <object_component id="oc-91">
         <name>.text:decompress:rle24:__TI_decompress_rle24</name>
         <load_address>0x13f20</load_address>
         <run_address>0x13f20</run_address>
         <size>0x6</size>
         <input_file_ref idref="fl-34"/>
      </object_component>
      <object_component id="oc-13c">
         <name>.text:_outs</name>
         <load_address>0x13f26</load_address>
         <run_address>0x13f26</run_address>
         <size>0x4</size>
         <input_file_ref idref="fl-4f"/>
      </object_component>
      <object_component id="oc-a9">
         <name>.text:_system_pre_init</name>
         <load_address>0x13f2a</load_address>
         <run_address>0x13f2a</run_address>
         <size>0x4</size>
         <input_file_ref idref="fl-4e"/>
      </object_component>
      <object_component id="oc-116">
         <name>.text:abort</name>
         <load_address>0x13f2e</load_address>
         <run_address>0x13f2e</run_address>
         <size>0x4</size>
         <input_file_ref idref="fl-36"/>
      </object_component>
      <object_component id="oc-165">
         <name>.text:_nop</name>
         <load_address>0x13f32</load_address>
         <run_address>0x13f32</run_address>
         <size>0x2</size>
         <input_file_ref idref="fl-50"/>
      </object_component>
      <object_component id="oc-c2">
         <name>.text:_isr:USCI_A0_ISR</name>
         <load_address>0x5c00</load_address>
         <run_address>0x5c00</run_address>
         <size>0x66</size>
         <input_file_ref idref="fl-3"/>
      </object_component>
      <object_component id="oc-a3">
         <name>.text:_isr:USCI_A1_ISR</name>
         <load_address>0x5c66</load_address>
         <run_address>0x5c66</run_address>
         <size>0x62</size>
         <input_file_ref idref="fl-3"/>
      </object_component>
      <object_component id="oc-72">
         <name>.text:_isr:_c_int00_noargs</name>
         <load_address>0x5cc8</load_address>
         <run_address>0x5cc8</run_address>
         <size>0x1c</size>
         <input_file_ref idref="fl-32"/>
      </object_component>
      <object_component id="oc-54a">
         <name>.cinit..data.load</name>
         <load_address>0x5e6c</load_address>
         <run_address>0x5e6c</run_address>
         <size>0x5c</size>
      </object_component>
      <object_component id="oc-547">
         <name>__TI_handler_table</name>
         <load_address>0x5ec8</load_address>
         <run_address>0x5ec8</run_address>
         <size>0xc</size>
      </object_component>
      <object_component id="oc-549">
         <name>.cinit..bss.load</name>
         <load_address>0x5ed4</load_address>
         <run_address>0x5ed4</run_address>
         <size>0x6</size>
      </object_component>
      <object_component id="oc-54b">
         <name>.cinit..cio.load</name>
         <load_address>0x5eda</load_address>
         <run_address>0x5eda</run_address>
         <size>0x6</size>
      </object_component>
      <object_component id="oc-548">
         <name>__TI_cinit_table</name>
         <load_address>0x5ee0</load_address>
         <run_address>0x5ee0</run_address>
         <size>0x18</size>
      </object_component>
      <object_component id="oc-239">
         <name>.const:.string:_ctypes_</name>
         <load_address>0x5ce4</load_address>
         <run_address>0x5ce4</run_address>
         <size>0x101</size>
         <input_file_ref idref="fl-56"/>
      </object_component>
      <object_component id="oc-f5">
         <name>.const:.string</name>
         <load_address>0x5de6</load_address>
         <run_address>0x5de6</run_address>
         <size>0x62</size>
         <input_file_ref idref="fl-3"/>
      </object_component>
      <object_component id="oc-1f3">
         <name>.const:.string</name>
         <load_address>0x5e48</load_address>
         <run_address>0x5e48</run_address>
         <size>0x24</size>
         <input_file_ref idref="fl-51"/>
      </object_component>
      <object_component id="oc-469">
         <name>.cio</name>
         <uninitialized>true</uninitialized>
         <run_address>0x1ecc</run_address>
         <size>0x120</size>
         <input_file_ref idref="fl-76"/>
      </object_component>
      <object_component id="oc-69">
         <name>.int41</name>
         <load_address>0xffd2</load_address>
         <run_address>0xffd2</run_address>
         <size>0x2</size>
         <input_file_ref idref="fl-37"/>
      </object_component>
      <object_component id="oc-6a">
         <name>.int42</name>
         <load_address>0xffd4</load_address>
         <run_address>0xffd4</run_address>
         <size>0x2</size>
         <input_file_ref idref="fl-38"/>
      </object_component>
      <object_component id="oc-6b">
         <name>.int43</name>
         <load_address>0xffd6</load_address>
         <run_address>0xffd6</run_address>
         <size>0x2</size>
         <input_file_ref idref="fl-39"/>
      </object_component>
      <object_component id="oc-6c">
         <name>.int44</name>
         <load_address>0xffd8</load_address>
         <run_address>0xffd8</run_address>
         <size>0x2</size>
         <input_file_ref idref="fl-3a"/>
      </object_component>
      <object_component id="oc-6d">
         <name>.int45</name>
         <load_address>0xffda</load_address>
         <run_address>0xffda</run_address>
         <size>0x2</size>
         <input_file_ref idref="fl-3b"/>
      </object_component>
      <object_component id="oc-6e">
         <name>.int46</name>
         <load_address>0xffdc</load_address>
         <run_address>0xffdc</run_address>
         <size>0x2</size>
         <input_file_ref idref="fl-3"/>
      </object_component>
      <object_component id="oc-6f">
         <name>.int47</name>
         <load_address>0xffde</load_address>
         <run_address>0xffde</run_address>
         <size>0x2</size>
         <input_file_ref idref="fl-3c"/>
      </object_component>
      <object_component id="oc-70">
         <name>.int48</name>
         <load_address>0xffe0</load_address>
         <run_address>0xffe0</run_address>
         <size>0x2</size>
         <input_file_ref idref="fl-3d"/>
      </object_component>
      <object_component id="oc-71">
         <name>.int49</name>
         <load_address>0xffe2</load_address>
         <run_address>0xffe2</run_address>
         <size>0x2</size>
         <input_file_ref idref="fl-3e"/>
      </object_component>
      <object_component id="oc-78">
         <name>.int50</name>
         <load_address>0xffe4</load_address>
         <run_address>0xffe4</run_address>
         <size>0x2</size>
         <input_file_ref idref="fl-3f"/>
      </object_component>
      <object_component id="oc-79">
         <name>.int51</name>
         <load_address>0xffe6</load_address>
         <run_address>0xffe6</run_address>
         <size>0x2</size>
         <input_file_ref idref="fl-40"/>
      </object_component>
      <object_component id="oc-7a">
         <name>.int52</name>
         <load_address>0xffe8</load_address>
         <run_address>0xffe8</run_address>
         <size>0x2</size>
         <input_file_ref idref="fl-41"/>
      </object_component>
      <object_component id="oc-7b">
         <name>.int53</name>
         <load_address>0xffea</load_address>
         <run_address>0xffea</run_address>
         <size>0x2</size>
         <input_file_ref idref="fl-42"/>
      </object_component>
      <object_component id="oc-7c">
         <name>.int54</name>
         <load_address>0xffec</load_address>
         <run_address>0xffec</run_address>
         <size>0x2</size>
         <input_file_ref idref="fl-43"/>
      </object_component>
      <object_component id="oc-7d">
         <name>.int55</name>
         <load_address>0xffee</load_address>
         <run_address>0xffee</run_address>
         <size>0x2</size>
         <input_file_ref idref="fl-44"/>
      </object_component>
      <object_component id="oc-7e">
         <name>.int56</name>
         <load_address>0xfff0</load_address>
         <run_address>0xfff0</run_address>
         <size>0x2</size>
         <input_file_ref idref="fl-45"/>
      </object_component>
      <object_component id="oc-7f">
         <name>.int57</name>
         <load_address>0xfff2</load_address>
         <run_address>0xfff2</run_address>
         <size>0x2</size>
         <input_file_ref idref="fl-3"/>
      </object_component>
      <object_component id="oc-80">
         <name>.int58</name>
         <load_address>0xfff4</load_address>
         <run_address>0xfff4</run_address>
         <size>0x2</size>
         <input_file_ref idref="fl-46"/>
      </object_component>
      <object_component id="oc-81">
         <name>.int59</name>
         <load_address>0xfff6</load_address>
         <run_address>0xfff6</run_address>
         <size>0x2</size>
         <input_file_ref idref="fl-47"/>
      </object_component>
      <object_component id="oc-82">
         <name>.int60</name>
         <load_address>0xfff8</load_address>
         <run_address>0xfff8</run_address>
         <size>0x2</size>
         <input_file_ref idref="fl-48"/>
      </object_component>
      <object_component id="oc-83">
         <name>.int61</name>
         <load_address>0xfffa</load_address>
         <run_address>0xfffa</run_address>
         <size>0x2</size>
         <input_file_ref idref="fl-49"/>
      </object_component>
      <object_component id="oc-84">
         <name>.int62</name>
         <load_address>0xfffc</load_address>
         <run_address>0xfffc</run_address>
         <size>0x2</size>
         <input_file_ref idref="fl-4a"/>
      </object_component>
      <object_component id="oc-9a">
         <name>.reset</name>
         <load_address>0xfffe</load_address>
         <run_address>0xfffe</run_address>
         <size>0x2</size>
         <input_file_ref idref="fl-32"/>
      </object_component>
      <object_component id="oc-29b">
         <name>.common:__TI_cleanup_ptr</name>
         <uninitialized>true</uninitialized>
         <run_address>0x2094</run_address>
         <size>0x4</size>
      </object_component>
      <object_component id="oc-113">
         <name>.common:__TI_dtors_ptr</name>
         <uninitialized>true</uninitialized>
         <run_address>0x2098</run_address>
         <size>0x4</size>
      </object_component>
      <object_component id="oc-3b6">
         <name>.common:__TI_tmpnams</name>
         <uninitialized>true</uninitialized>
         <run_address>0x1fec</run_address>
         <size>0xa0</size>
      </object_component>
      <object_component id="oc-418">
         <name>.common:parmbuf</name>
         <uninitialized>true</uninitialized>
         <run_address>0x208c</run_address>
         <size>0x8</size>
      </object_component>
      <object_component id="oc-3ab">
         <name>.common:sys_free</name>
         <uninitialized>true</uninitialized>
         <run_address>0x20a0</run_address>
         <size>0x4</size>
      </object_component>
      <object_component id="oc-3ae">
         <name>.common:sys_base</name>
         <uninitialized>true</uninitialized>
         <run_address>0x209c</run_address>
         <size>0x4</size>
      </object_component>
      <object_component id="oc-3ad">
         <name>.common:memsize</name>
         <uninitialized>true</uninitialized>
         <run_address>0x20a4</run_address>
         <size>0x2</size>
      </object_component>
      <object_component id="oc-10d">
         <name>.data</name>
         <load_address>0x1d7c</load_address>
         <run_address>0x1d7c</run_address>
         <size>0x8</size>
         <input_file_ref idref="fl-50"/>
      </object_component>
      <object_component id="oc-139">
         <name>.data:_ftable</name>
         <load_address>0x1c00</load_address>
         <run_address>0x1c00</run_address>
         <size>0xc8</size>
         <input_file_ref idref="fl-57"/>
      </object_component>
      <object_component id="oc-1bd">
         <name>.data</name>
         <load_address>0x1d84</load_address>
         <run_address>0x1d84</run_address>
         <size>0x4</size>
         <input_file_ref idref="fl-3"/>
      </object_component>
      <object_component id="oc-22e">
         <name>.data:_stream</name>
         <load_address>0x1d40</load_address>
         <run_address>0x1d40</run_address>
         <size>0x3c</size>
         <input_file_ref idref="fl-63"/>
      </object_component>
      <object_component id="oc-2aa">
         <name>.data:_device</name>
         <load_address>0x1cc8</load_address>
         <run_address>0x1cc8</run_address>
         <size>0x78</size>
         <input_file_ref idref="fl-63"/>
      </object_component>
      <object_component id="oc-310">
         <name>.data</name>
         <load_address>0x1d8a</load_address>
         <run_address>0x1d8a</run_address>
         <size>0x2</size>
         <input_file_ref idref="fl-87"/>
      </object_component>
      <object_component id="oc-323">
         <name>.data</name>
         <load_address>0x1d88</load_address>
         <run_address>0x1d88</run_address>
         <size>0x2</size>
         <input_file_ref idref="fl-57"/>
      </object_component>
      <object_component id="oc-73">
         <name>.debug_frame</name>
         <load_address>0x0</load_address>
         <run_address>0x0</run_address>
         <size>0x42</size>
         <input_file_ref idref="fl-32"/>
      </object_component>
      <object_component id="oc-8a">
         <name>.debug_frame</name>
         <load_address>0x42</load_address>
         <run_address>0x42</run_address>
         <size>0x47</size>
         <input_file_ref idref="fl-33"/>
      </object_component>
      <object_component id="oc-90">
         <name>.debug_frame</name>
         <load_address>0x89</load_address>
         <run_address>0x89</run_address>
         <size>0x47</size>
         <input_file_ref idref="fl-35"/>
      </object_component>
      <object_component id="oc-96">
         <name>.debug_frame</name>
         <load_address>0xd0</load_address>
         <run_address>0xd0</run_address>
         <size>0x47</size>
         <input_file_ref idref="fl-34"/>
      </object_component>
      <object_component id="oc-a8">
         <name>.debug_frame</name>
         <load_address>0x117</load_address>
         <run_address>0x117</run_address>
         <size>0x65</size>
         <input_file_ref idref="fl-3"/>
      </object_component>
      <object_component id="oc-ae">
         <name>.debug_frame</name>
         <load_address>0x17c</load_address>
         <run_address>0x17c</run_address>
         <size>0x47</size>
         <input_file_ref idref="fl-4e"/>
      </object_component>
      <object_component id="oc-b4">
         <name>.debug_frame</name>
         <load_address>0x1c3</load_address>
         <run_address>0x1c3</run_address>
         <size>0x56</size>
         <input_file_ref idref="fl-54"/>
      </object_component>
      <object_component id="oc-ba">
         <name>.debug_frame</name>
         <load_address>0x219</load_address>
         <run_address>0x219</run_address>
         <size>0x47</size>
         <input_file_ref idref="fl-2"/>
      </object_component>
      <object_component id="oc-c0">
         <name>.debug_frame</name>
         <load_address>0x260</load_address>
         <run_address>0x260</run_address>
         <size>0x50</size>
         <input_file_ref idref="fl-36"/>
      </object_component>
      <object_component id="oc-c7">
         <name>.debug_frame</name>
         <load_address>0x2b0</load_address>
         <run_address>0x2b0</run_address>
         <size>0x65</size>
         <input_file_ref idref="fl-3"/>
      </object_component>
      <object_component id="oc-cd">
         <name>.debug_frame</name>
         <load_address>0x315</load_address>
         <run_address>0x315</run_address>
         <size>0x47</size>
         <input_file_ref idref="fl-4c"/>
      </object_component>
      <object_component id="oc-e1">
         <name>.debug_frame</name>
         <load_address>0x35c</load_address>
         <run_address>0x35c</run_address>
         <size>0x53</size>
         <input_file_ref idref="fl-34"/>
      </object_component>
      <object_component id="oc-fb">
         <name>.debug_frame</name>
         <load_address>0x3af</load_address>
         <run_address>0x3af</run_address>
         <size>0x56</size>
         <input_file_ref idref="fl-4f"/>
      </object_component>
      <object_component id="oc-101">
         <name>.debug_frame</name>
         <load_address>0x405</load_address>
         <run_address>0x405</run_address>
         <size>0x47</size>
         <input_file_ref idref="fl-3"/>
      </object_component>
      <object_component id="oc-10b">
         <name>.debug_frame</name>
         <load_address>0x44c</load_address>
         <run_address>0x44c</run_address>
         <size>0x47</size>
         <input_file_ref idref="fl-2"/>
      </object_component>
      <object_component id="oc-11b">
         <name>.debug_frame</name>
         <load_address>0x493</load_address>
         <run_address>0x493</run_address>
         <size>0x47</size>
         <input_file_ref idref="fl-36"/>
      </object_component>
      <object_component id="oc-141">
         <name>.debug_frame</name>
         <load_address>0x4da</load_address>
         <run_address>0x4da</run_address>
         <size>0x47</size>
         <input_file_ref idref="fl-4f"/>
      </object_component>
      <object_component id="oc-147">
         <name>.debug_frame</name>
         <load_address>0x521</load_address>
         <run_address>0x521</run_address>
         <size>0x47</size>
         <input_file_ref idref="fl-4f"/>
      </object_component>
      <object_component id="oc-14d">
         <name>.debug_frame</name>
         <load_address>0x568</load_address>
         <run_address>0x568</run_address>
         <size>0x7a</size>
         <input_file_ref idref="fl-51"/>
      </object_component>
      <object_component id="oc-15d">
         <name>.debug_frame</name>
         <load_address>0x5e2</load_address>
         <run_address>0x5e2</run_address>
         <size>0x47</size>
         <input_file_ref idref="fl-3"/>
      </object_component>
      <object_component id="oc-163">
         <name>.debug_frame</name>
         <load_address>0x629</load_address>
         <run_address>0x629</run_address>
         <size>0x47</size>
         <input_file_ref idref="fl-3"/>
      </object_component>
      <object_component id="oc-16a">
         <name>.debug_frame</name>
         <load_address>0x670</load_address>
         <run_address>0x670</run_address>
         <size>0x47</size>
         <input_file_ref idref="fl-50"/>
      </object_component>
      <object_component id="oc-183">
         <name>.debug_frame</name>
         <load_address>0x6b7</load_address>
         <run_address>0x6b7</run_address>
         <size>0x63</size>
         <input_file_ref idref="fl-60"/>
      </object_component>
      <object_component id="oc-18a">
         <name>.debug_frame</name>
         <load_address>0x71a</load_address>
         <run_address>0x71a</run_address>
         <size>0x5d</size>
         <input_file_ref idref="fl-5f"/>
      </object_component>
      <object_component id="oc-191">
         <name>.debug_frame</name>
         <load_address>0x777</load_address>
         <run_address>0x777</run_address>
         <size>0x47</size>
         <input_file_ref idref="fl-71"/>
      </object_component>
      <object_component id="oc-197">
         <name>.debug_frame</name>
         <load_address>0x7be</load_address>
         <run_address>0x7be</run_address>
         <size>0x47</size>
         <input_file_ref idref="fl-51"/>
      </object_component>
      <object_component id="oc-19d">
         <name>.debug_frame</name>
         <load_address>0x805</load_address>
         <run_address>0x805</run_address>
         <size>0x83</size>
         <input_file_ref idref="fl-51"/>
      </object_component>
      <object_component id="oc-1a3">
         <name>.debug_frame</name>
         <load_address>0x888</load_address>
         <run_address>0x888</run_address>
         <size>0x6a</size>
         <input_file_ref idref="fl-51"/>
      </object_component>
      <object_component id="oc-1a9">
         <name>.debug_frame</name>
         <load_address>0x8f2</load_address>
         <run_address>0x8f2</run_address>
         <size>0x63</size>
         <input_file_ref idref="fl-51"/>
      </object_component>
      <object_component id="oc-1cc">
         <name>.debug_frame</name>
         <load_address>0x955</load_address>
         <run_address>0x955</run_address>
         <size>0x50</size>
         <input_file_ref idref="fl-78"/>
      </object_component>
      <object_component id="oc-1d2">
         <name>.debug_frame</name>
         <load_address>0x9a5</load_address>
         <run_address>0x9a5</run_address>
         <size>0x47</size>
         <input_file_ref idref="fl-68"/>
      </object_component>
      <object_component id="oc-1d8">
         <name>.debug_frame</name>
         <load_address>0x9ec</load_address>
         <run_address>0x9ec</run_address>
         <size>0x50</size>
         <input_file_ref idref="fl-7e"/>
      </object_component>
      <object_component id="oc-1de">
         <name>.debug_frame</name>
         <load_address>0xa3c</load_address>
         <run_address>0xa3c</run_address>
         <size>0x50</size>
         <input_file_ref idref="fl-63"/>
      </object_component>
      <object_component id="oc-1eb">
         <name>.debug_frame</name>
         <load_address>0xa8c</load_address>
         <run_address>0xa8c</run_address>
         <size>0x50</size>
         <input_file_ref idref="fl-53"/>
      </object_component>
      <object_component id="oc-1ed">
         <name>.debug_frame</name>
         <load_address>0xadc</load_address>
         <run_address>0xadc</run_address>
         <size>0x47</size>
         <input_file_ref idref="fl-69"/>
      </object_component>
      <object_component id="oc-1f9">
         <name>.debug_frame</name>
         <load_address>0xb23</load_address>
         <run_address>0xb23</run_address>
         <size>0x69</size>
         <input_file_ref idref="fl-51"/>
      </object_component>
      <object_component id="oc-1ff">
         <name>.debug_frame</name>
         <load_address>0xb8c</load_address>
         <run_address>0xb8c</run_address>
         <size>0xdb</size>
         <input_file_ref idref="fl-51"/>
      </object_component>
      <object_component id="oc-204">
         <name>.debug_frame</name>
         <load_address>0xc67</load_address>
         <run_address>0xc67</run_address>
         <size>0x47</size>
         <input_file_ref idref="fl-67"/>
      </object_component>
      <object_component id="oc-21c">
         <name>.debug_frame</name>
         <load_address>0xcae</load_address>
         <run_address>0xcae</run_address>
         <size>0x59</size>
         <input_file_ref idref="fl-81"/>
      </object_component>
      <object_component id="oc-21e">
         <name>.debug_frame</name>
         <load_address>0xd07</load_address>
         <run_address>0xd07</run_address>
         <size>0x5a</size>
         <input_file_ref idref="fl-84"/>
      </object_component>
      <object_component id="oc-245">
         <name>.debug_frame</name>
         <load_address>0xd61</load_address>
         <run_address>0xd61</run_address>
         <size>0x57</size>
         <input_file_ref idref="fl-51"/>
      </object_component>
      <object_component id="oc-24b">
         <name>.debug_frame</name>
         <load_address>0xdb8</load_address>
         <run_address>0xdb8</run_address>
         <size>0x69</size>
         <input_file_ref idref="fl-51"/>
      </object_component>
      <object_component id="oc-252">
         <name>.debug_frame</name>
         <load_address>0xe21</load_address>
         <run_address>0xe21</run_address>
         <size>0x47</size>
         <input_file_ref idref="fl-74"/>
      </object_component>
      <object_component id="oc-258">
         <name>.debug_frame</name>
         <load_address>0xe68</load_address>
         <run_address>0xe68</run_address>
         <size>0x51</size>
         <input_file_ref idref="fl-77"/>
      </object_component>
      <object_component id="oc-25e">
         <name>.debug_frame</name>
         <load_address>0xeb9</load_address>
         <run_address>0xeb9</run_address>
         <size>0x4d</size>
         <input_file_ref idref="fl-6e"/>
      </object_component>
      <object_component id="oc-264">
         <name>.debug_frame</name>
         <load_address>0xf06</load_address>
         <run_address>0xf06</run_address>
         <size>0x5d</size>
         <input_file_ref idref="fl-51"/>
      </object_component>
      <object_component id="oc-26a">
         <name>.debug_frame</name>
         <load_address>0xf63</load_address>
         <run_address>0xf63</run_address>
         <size>0x60</size>
         <input_file_ref idref="fl-51"/>
      </object_component>
      <object_component id="oc-270">
         <name>.debug_frame</name>
         <load_address>0xfc3</load_address>
         <run_address>0xfc3</run_address>
         <size>0xb5</size>
         <input_file_ref idref="fl-51"/>
      </object_component>
      <object_component id="oc-276">
         <name>.debug_frame</name>
         <load_address>0x1078</load_address>
         <run_address>0x1078</run_address>
         <size>0x54</size>
         <input_file_ref idref="fl-55"/>
      </object_component>
      <object_component id="oc-286">
         <name>.debug_frame</name>
         <load_address>0x10cc</load_address>
         <run_address>0x10cc</run_address>
         <size>0x53</size>
         <input_file_ref idref="fl-63"/>
      </object_component>
      <object_component id="oc-28e">
         <name>.debug_frame</name>
         <load_address>0x111f</load_address>
         <run_address>0x111f</run_address>
         <size>0x51</size>
         <input_file_ref idref="fl-87"/>
      </object_component>
      <object_component id="oc-294">
         <name>.debug_frame</name>
         <load_address>0x1170</load_address>
         <run_address>0x1170</run_address>
         <size>0x54</size>
         <input_file_ref idref="fl-87"/>
      </object_component>
      <object_component id="oc-29a">
         <name>.debug_frame</name>
         <load_address>0x11c4</load_address>
         <run_address>0x11c4</run_address>
         <size>0x53</size>
         <input_file_ref idref="fl-86"/>
      </object_component>
      <object_component id="oc-2c8">
         <name>.debug_frame</name>
         <load_address>0x1217</load_address>
         <run_address>0x1217</run_address>
         <size>0x57</size>
         <input_file_ref idref="fl-51"/>
      </object_component>
      <object_component id="oc-2d9">
         <name>.debug_frame</name>
         <load_address>0x126e</load_address>
         <run_address>0x126e</run_address>
         <size>0xb5</size>
         <input_file_ref idref="fl-51"/>
      </object_component>
      <object_component id="oc-2df">
         <name>.debug_frame</name>
         <load_address>0x1323</load_address>
         <run_address>0x1323</run_address>
         <size>0x5c</size>
         <input_file_ref idref="fl-51"/>
      </object_component>
      <object_component id="oc-2e5">
         <name>.debug_frame</name>
         <load_address>0x137f</load_address>
         <run_address>0x137f</run_address>
         <size>0x6f</size>
         <input_file_ref idref="fl-51"/>
      </object_component>
      <object_component id="oc-2ec">
         <name>.debug_frame</name>
         <load_address>0x13ee</load_address>
         <run_address>0x13ee</run_address>
         <size>0xb5</size>
         <input_file_ref idref="fl-51"/>
      </object_component>
      <object_component id="oc-2f2">
         <name>.debug_frame</name>
         <load_address>0x14a3</load_address>
         <run_address>0x14a3</run_address>
         <size>0x59</size>
         <input_file_ref idref="fl-51"/>
      </object_component>
      <object_component id="oc-2f9">
         <name>.debug_frame</name>
         <load_address>0x14fc</load_address>
         <run_address>0x14fc</run_address>
         <size>0x61</size>
         <input_file_ref idref="fl-6a"/>
      </object_component>
      <object_component id="oc-2ff">
         <name>.debug_frame</name>
         <load_address>0x155d</load_address>
         <run_address>0x155d</run_address>
         <size>0x61</size>
         <input_file_ref idref="fl-5a"/>
      </object_component>
      <object_component id="oc-318">
         <name>.debug_frame</name>
         <load_address>0x15be</load_address>
         <run_address>0x15be</run_address>
         <size>0x47</size>
         <input_file_ref idref="fl-87"/>
      </object_component>
      <object_component id="oc-322">
         <name>.debug_frame</name>
         <load_address>0x1605</load_address>
         <run_address>0x1605</run_address>
         <size>0x59</size>
         <input_file_ref idref="fl-88"/>
      </object_component>
      <object_component id="oc-32e">
         <name>.debug_frame</name>
         <load_address>0x165e</load_address>
         <run_address>0x165e</run_address>
         <size>0x56</size>
         <input_file_ref idref="fl-75"/>
      </object_component>
      <object_component id="oc-334">
         <name>.debug_frame</name>
         <load_address>0x16b4</load_address>
         <run_address>0x16b4</run_address>
         <size>0x50</size>
         <input_file_ref idref="fl-75"/>
      </object_component>
      <object_component id="oc-33a">
         <name>.debug_frame</name>
         <load_address>0x1704</load_address>
         <run_address>0x1704</run_address>
         <size>0x56</size>
         <input_file_ref idref="fl-75"/>
      </object_component>
      <object_component id="oc-340">
         <name>.debug_frame</name>
         <load_address>0x175a</load_address>
         <run_address>0x175a</run_address>
         <size>0x56</size>
         <input_file_ref idref="fl-75"/>
      </object_component>
      <object_component id="oc-346">
         <name>.debug_frame</name>
         <load_address>0x17b0</load_address>
         <run_address>0x17b0</run_address>
         <size>0x5a</size>
         <input_file_ref idref="fl-75"/>
      </object_component>
      <object_component id="oc-34c">
         <name>.debug_frame</name>
         <load_address>0x180a</load_address>
         <run_address>0x180a</run_address>
         <size>0x50</size>
         <input_file_ref idref="fl-75"/>
      </object_component>
      <object_component id="oc-352">
         <name>.debug_frame</name>
         <load_address>0x185a</load_address>
         <run_address>0x185a</run_address>
         <size>0x59</size>
         <input_file_ref idref="fl-75"/>
      </object_component>
      <object_component id="oc-359">
         <name>.debug_frame</name>
         <load_address>0x18b3</load_address>
         <run_address>0x18b3</run_address>
         <size>0x47</size>
         <input_file_ref idref="fl-62"/>
      </object_component>
      <object_component id="oc-368">
         <name>.debug_frame</name>
         <load_address>0x18fa</load_address>
         <run_address>0x18fa</run_address>
         <size>0x9a</size>
         <input_file_ref idref="fl-62"/>
      </object_component>
      <object_component id="oc-378">
         <name>.debug_frame</name>
         <load_address>0x1994</load_address>
         <run_address>0x1994</run_address>
         <size>0x62</size>
         <input_file_ref idref="fl-66"/>
      </object_component>
      <object_component id="oc-37e">
         <name>.debug_frame</name>
         <load_address>0x19f6</load_address>
         <run_address>0x19f6</run_address>
         <size>0x54</size>
         <input_file_ref idref="fl-5e"/>
      </object_component>
      <object_component id="oc-384">
         <name>.debug_frame</name>
         <load_address>0x1a4a</load_address>
         <run_address>0x1a4a</run_address>
         <size>0x4d</size>
         <input_file_ref idref="fl-73"/>
      </object_component>
      <object_component id="oc-38a">
         <name>.debug_frame</name>
         <load_address>0x1a97</load_address>
         <run_address>0x1a97</run_address>
         <size>0x47</size>
         <input_file_ref idref="fl-5c"/>
      </object_component>
      <object_component id="oc-38f">
         <name>.debug_frame</name>
         <load_address>0x1ade</load_address>
         <run_address>0x1ade</run_address>
         <size>0x4f</size>
         <input_file_ref idref="fl-5b"/>
      </object_component>
[...]
      <symbol id="sm-479">
         <name>_nop</name>
         <value>0x13f32</value>
         <object_component_ref idref="oc-165"/>
      </symbol>
      <symbol id="sm-47a">
         <name>_lock</name>
         <value>0x1d7c</value>
         <object_component_ref idref="oc-10d"/>
      </symbol>
      <symbol id="sm-47b">
         <name>_unlock</name>
         <value>0x1d80</value>
         <object_component_ref idref="oc-10d"/>
      </symbol>
      <symbol id="sm-60e">
         <name>__TI_printfi</name>
         <value>0x11b2e</value>
         <object_component_ref idref="oc-148"/>
      </symbol>
      <symbol id="sm-622">
         <name>atoi</name>
         <value>0x13554</value>
         <object_component_ref idref="oc-1e6"/>
      </symbol>
      <symbol id="sm-639">
         <name>_auto_init_hold_wdt</name>
         <value>0x13216</value>
         <object_component_ref idref="oc-af"/>
      </symbol>
      <symbol id="sm-65b">
         <name>__mspabi_cmpd</name>
         <value>0x1287e</value>
         <object_component_ref idref="oc-271"/>
      </symbol>
      <symbol id="sm-665">
         <name>_ctypes_</name>
         <value>0x5ce4</value>
         <object_component_ref idref="oc-239"/>
      </symbol>
      <symbol id="sm-675">
         <name>__TI_tmpnams</name>
         <value>0x1fec</value>
      </symbol>
      <symbol id="sm-676">
         <name>_ftable</name>
         <value>0x1c00</value>
         <object_component_ref idref="oc-139"/>
      </symbol>
      <symbol id="sm-677">
         <name>__TI_ft_end</name>
         <value>0x1d88</value>
         <object_component_ref idref="oc-323"/>
      </symbol>
      <symbol id="sm-681">
         <name>__mspabi_remu</name>
         <value>0x13e28</value>
         <object_component_ref idref="oc-35d"/>
      </symbol>
      <symbol id="sm-682">
         <name>__mspabi_divu</name>
         <value>0x13e28</value>
         <object_component_ref idref="oc-35d"/>
      </symbol>
      <symbol id="sm-690">
         <name>__mspabi_remul</name>
         <value>0x136c4</value>
         <object_component_ref idref="oc-362"/>
      </symbol>
      <symbol id="sm-691">
         <name>__mspabi_divul</name>
         <value>0x136c4</value>
         <object_component_ref idref="oc-362"/>
      </symbol>
      <symbol id="sm-6b2">
         <name>__mspabi_divd</name>
         <value>0x116f2</value>
         <object_component_ref idref="oc-2fa"/>
      </symbol>
      <symbol id="sm-6c4">
         <name>__mspabi_fixdli</name>
         <value>0x13428</value>
         <object_component_ref idref="oc-38b"/>
      </symbol>
      <symbol id="sm-6d2">
         <name>__mspabi_fixdu</name>
         <value>0x13e68</value>
         <object_component_ref idref="oc-385"/>
      </symbol>
      <symbol id="sm-6e5">
         <name>__mspabi_fixdul</name>
         <value>0x133c0</value>
         <object_component_ref idref="oc-441"/>
      </symbol>
      <symbol id="sm-6fd">
         <name>__mspabi_fltlid</name>
         <value>0x12c08</value>
         <object_component_ref idref="oc-379"/>
      </symbol>
      <symbol id="sm-710">
         <name>fputc</name>
         <value>0x12c9c</value>
         <object_component_ref idref="oc-185"/>
      </symbol>
      <symbol id="sm-728">
         <name>fputs</name>
         <value>0x126ae</value>
         <object_component_ref idref="oc-17e"/>
      </symbol>
      <symbol id="sm-743">
         <name>__TI_frcdivd</name>
         <value>0x10000</value>
         <object_component_ref idref="oc-39e"/>
      </symbol>
      <symbol id="sm-78d">
         <name>__mspabi_srlll</name>
         <value>0x13acc</value>
         <object_component_ref idref="oc-357"/>
      </symbol>
      <symbol id="sm-78e">
         <name>__mspabi_sllll</name>
         <value>0x13a92</value>
         <object_component_ref idref="oc-41d"/>
      </symbol>
      <symbol id="sm-78f">
         <name>__mspabi_divull</name>
         <value>0x10452</value>
         <object_component_ref idref="oc-367"/>
      </symbol>
      <symbol id="sm-7e7">
         <name>lseek</name>
         <value>0x13a18</value>
         <object_component_ref idref="oc-281"/>
      </symbol>
      <symbol id="sm-7e8">
         <name>write</name>
         <value>0x13a56</value>
         <object_component_ref idref="oc-1d9"/>
      </symbol>
      <symbol id="sm-7e9">
         <name>close</name>
         <value>0x13610</value>
         <object_component_ref idref="oc-3b0"/>
      </symbol>
      <symbol id="sm-7ea">
         <name>unlink</name>
         <value>0x13c78</value>
         <object_component_ref idref="oc-3b7"/>
      </symbol>
      <symbol id="sm-7fa">
         <name>__mspabi_slll_9</name>
         <value>0x139b4</value>
         <object_component_ref idref="oc-401"/>
      </symbol>
      <symbol id="sm-7fb">
         <name>__mspabi_slll_8</name>
         <value>0x139b8</value>
         <object_component_ref idref="oc-401"/>
      </symbol>
      <symbol id="sm-7fc">
         <name>__mspabi_slll_7</name>
         <value>0x139bc</value>
         <object_component_ref idref="oc-401"/>
      </symbol>
      <symbol id="sm-7fd">
         <name>__mspabi_slll_6</name>
         <value>0x139c0</value>
         <object_component_ref idref="oc-401"/>
      </symbol>
      <symbol id="sm-7fe">
         <name>__mspabi_slll_5</name>
         <value>0x139c4</value>
         <object_component_ref idref="oc-401"/>
      </symbol>
      <symbol id="sm-7ff">
         <name>__mspabi_slll_4</name>
         <value>0x139c8</value>
         <object_component_ref idref="oc-401"/>
      </symbol>
      <symbol id="sm-800">
         <name>__mspabi_slll_3</name>
         <value>0x139cc</value>
         <object_component_ref idref="oc-401"/>
      </symbol>
      <symbol id="sm-801">
         <name>__mspabi_slll_2</name>
         <value>0x139d0</value>
         <object_component_ref idref="oc-401"/>
      </symbol>
      <symbol id="sm-802">
         <name>__mspabi_slll_1</name>
         <value>0x139d4</value>
         <object_component_ref idref="oc-401"/>
      </symbol>
      <symbol id="sm-803">
         <name>__mspabi_slll</name>
         <value>0x13ec0</value>
         <object_component_ref idref="oc-4af"/>
      </symbol>
      <symbol id="sm-804">
         <name>__mspabi_slll_15</name>
         <value>0x1399c</value>
         <object_component_ref idref="oc-401"/>
      </symbol>
      <symbol id="sm-805">
         <name>__mspabi_slll_14</name>
         <value>0x139a0</value>
         <object_component_ref idref="oc-401"/>
      </symbol>
      <symbol id="sm-806">
         <name>__mspabi_slll_13</name>
         <value>0x139a4</value>
         <object_component_ref idref="oc-401"/>
      </symbol>
      <symbol id="sm-807">
         <name>__mspabi_slll_12</name>
         <value>0x139a8</value>
         <object_component_ref idref="oc-401"/>
      </symbol>
      <symbol id="sm-808">
         <name>__mspabi_slll_11</name>
         <value>0x139ac</value>
         <object_component_ref idref="oc-401"/>
      </symbol>
      <symbol id="sm-809">
         <name>__mspabi_slll_10</name>
         <value>0x139b0</value>
         <object_component_ref idref="oc-401"/>
      </symbol>
      <symbol id="sm-819">
         <name>__mspabi_srll_8</name>
         <value>0x139f6</value>
         <object_component_ref idref="oc-3f4"/>
      </symbol>
      <symbol id="sm-81a">
         <name>__mspabi_srll_9</name>
         <value>0x139f2</value>
         <object_component_ref idref="oc-3f4"/>
      </symbol>
      <symbol id="sm-81b">
         <name>__mspabi_srll_6</name>
         <value>0x139fe</value>
         <object_component_ref idref="oc-3f4"/>
      </symbol>
      <symbol id="sm-81c">
         <name>__mspabi_srll_7</name>
         <value>0x139fa</value>
         <object_component_ref idref="oc-3f4"/>
      </symbol>
      <symbol id="sm-81d">
         <name>__mspabi_srll_4</name>
         <value>0x13a06</value>
         <object_component_ref idref="oc-3f4"/>
      </symbol>
      <symbol id="sm-81e">
         <name>__mspabi_srll_5</name>
         <value>0x13a02</value>
         <object_component_ref idref="oc-3f4"/>
      </symbol>
      <symbol id="sm-81f">
         <name>__mspabi_srll_2</name>
         <value>0x13a0e</value>
         <object_component_ref idref="oc-3f4"/>
      </symbol>
      <symbol id="sm-820">
         <name>__mspabi_srll_3</name>
         <value>0x13a0a</value>
         <object_component_ref idref="oc-3f4"/>
      </symbol>
      <symbol id="sm-821">
         <name>__mspabi_srll_1</name>
         <value>0x13a12</value>
         <object_component_ref idref="oc-3f4"/>
      </symbol>
      <symbol id="sm-822">
         <name>__mspabi_srll_15</name>
         <value>0x139da</value>
         <object_component_ref idref="oc-3f4"/>
      </symbol>
      <symbol id="sm-823">
         <name>__mspabi_srll_14</name>
         <value>0x139de</value>
         <object_component_ref idref="oc-3f4"/>
      </symbol>
      <symbol id="sm-824">
         <name>__mspabi_srll_13</name>
         <value>0x139e2</value>
         <object_component_ref idref="oc-3f4"/>
      </symbol>
      <symbol id="sm-825">
         <name>__mspabi_srll_12</name>
         <value>0x139e6</value>
         <object_component_ref idref="oc-3f4"/>
      </symbol>
      <symbol id="sm-826">
         <name>__mspabi_srll_11</name>
         <value>0x139ea</value>
         <object_component_ref idref="oc-3f4"/>
      </symbol>
      <symbol id="sm-827">
         <name>__mspabi_srll_10</name>
         <value>0x139ee</value>
         <object_component_ref idref="oc-3f4"/>
      </symbol>
      <symbol id="sm-828">
         <name>__mspabi_srll</name>
         <value>0x13ed0</value>
         <object_component_ref idref="oc-423"/>
      </symbol>
      <symbol id="sm-837">
         <name>ltoa</name>
         <value>0x12eca</value>
         <object_component_ref idref="oc-373"/>
      </symbol>
      <symbol id="sm-846">
         <name>memccpy</name>
         <value>0x13da6</value>
         <object_component_ref idref="oc-200"/>
      </symbol>
      <symbol id="sm-855">
         <name>memchr</name>
         <value>0x13dfc</value>
         <object_component_ref idref="oc-1cd"/>
      </symbol>
      <symbol id="sm-863">
         <name>memset</name>
         <value>0x13e12</value>
         <object_component_ref idref="oc-1ec"/>
      </symbol>
      <symbol id="sm-883">
         <name>__mspabi_mpyd</name>
         <value>0x10d9c</value>
         <object_component_ref idref="oc-2f4"/>
      </symbol>
      <symbol id="sm-88b">
         <name>__mspabi_mpyi_f5hw</name>
         <value>0x13e3e</value>
         <object_component_ref idref="oc-229"/>
      </symbol>
      <symbol id="sm-893">
         <name>__mspabi_mpyl_f5hw</name>
         <value>0x13d84</value>
         <object_component_ref idref="oc-44b"/>
      </symbol>
      <symbol id="sm-89b">
         <name>__mspabi_mpyll_f5hw</name>
         <value>0x135b6</value>
         <object_component_ref idref="oc-2c9"/>
      </symbol>
      <symbol id="sm-8a4">
         <name>__mspabi_negd</name>
         <value>0x13ca8</value>
         <object_component_ref idref="oc-259"/>
      </symbol>
      <symbol id="sm-8b3">
         <name>strchr</name>
         <value>0x13de2</value>
         <object_component_ref idref="oc-494"/>
      </symbol>
      <symbol id="sm-8c1">
         <name>strcmp</name>
         <value>0x13dc6</value>
         <object_component_ref idref="oc-4c9"/>
      </symbol>
      <symbol id="sm-8ce">
         <name>strlen</name>
         <value>0x13ef0</value>
         <object_component_ref idref="oc-18c"/>
      </symbol>
      <symbol id="sm-8de">
         <name>strncpy</name>
         <value>0x13c46</value>
         <object_component_ref idref="oc-49a"/>
      </symbol>
      <symbol id="sm-8ea">
         <name>__mspabi_subd</name>
         <value>0x13c14</value>
         <object_component_ref idref="oc-37f"/>
      </symbol>
      <symbol id="sm-8f7">
         <name>toupper</name>
         <value>0x13e9e</value>
         <object_component_ref idref="oc-24d"/>
      </symbol>
      <symbol id="sm-932">
         <name>HOSTrename</name>
         <value>0x130c4</value>
         <object_component_ref idref="oc-34d"/>
      </symbol>
      <symbol id="sm-933">
         <name>HOSTclose</name>
         <value>0x137ba</value>
         <object_component_ref idref="oc-32f"/>
      </symbol>
      <symbol id="sm-934">
         <name>HOSTunlink</name>
         <value>0x13850</value>
         <object_component_ref idref="oc-347"/>
      </symbol>
      <symbol id="sm-935">
         <name>HOSTlseek</name>
         <value>0x12b6a</value>
         <object_component_ref idref="oc-341"/>
      </symbol>
      <symbol id="sm-936">
         <name>HOSTopen</name>
         <value>0x131a8</value>
         <object_component_ref idref="oc-329"/>
      </symbol>
      <symbol id="sm-937">
         <name>HOSTwrite</name>
         <value>0x13284</value>
         <object_component_ref idref="oc-33b"/>
      </symbol>
      <symbol id="sm-938">
         <name>HOSTread</name>
         <value>0x13358</value>
         <object_component_ref idref="oc-335"/>
      </symbol>
      <symbol id="sm-956">
         <name>__TI_readmsg</name>
         <value>0x13be2</value>
         <object_component_ref idref="oc-3cf"/>
      </symbol>
      <symbol id="sm-957">
         <name>C$$IO$$</name>
         <value>0x13bde</value>
         <object_component_ref idref="oc-3c8"/>
      </symbol>
      <symbol id="sm-958">
         <name>_CIOBUF_</name>
         <value>0x1ecc</value>
         <object_component_ref idref="oc-469"/>
      </symbol>
      <symbol id="sm-959">
         <name>__TI_writemsg</name>
         <value>0x13bac</value>
         <object_component_ref idref="oc-3c8"/>
      </symbol>
      <symbol id="sm-96a">
         <name>_Dclass</name>
         <value>0x1371c</value>
         <object_component_ref idref="oc-253"/>
      </symbol>
      <symbol id="sm-982">
         <name>__TI_wrt_ok</name>
         <value>0x12f4a</value>
         <object_component_ref idref="oc-1c7"/>
      </symbol>
      <symbol id="sm-98f">
         <name>abs</name>
         <value>0x13f0a</value>
         <object_component_ref idref="oc-42f"/>
      </symbol>
      <symbol id="sm-9b1">
         <name>__mspabi_addd</name>
         <value>0x10ac4</value>
         <object_component_ref idref="oc-439"/>
      </symbol>
      <symbol id="sm-9c1">
         <name>__mspabi_sral</name>
         <value>0x13eb0</value>
         <object_component_ref idref="oc-4b4"/>
      </symbol>
      <symbol id="sm-9c2">
         <name>__mspabi_sral_15</name>
         <value>0x1395e</value>
         <object_component_ref idref="oc-450"/>
      </symbol>
      <symbol id="sm-9c3">
         <name>__mspabi_sral_14</name>
         <value>0x13962</value>
         <object_component_ref idref="oc-450"/>
      </symbol>
      <symbol id="sm-9c4">
         <name>__mspabi_sral_13</name>
         <value>0x13966</value>
         <object_component_ref idref="oc-450"/>
      </symbol>
      <symbol id="sm-9c5">
         <name>__mspabi_sral_12</name>
         <value>0x1396a</value>
         <object_component_ref idref="oc-450"/>
      </symbol>
      <symbol id="sm-9c6">
         <name>__mspabi_sral_11</name>
         <value>0x1396e</value>
         <object_component_ref idref="oc-450"/>
      </symbol>
      <symbol id="sm-9c7">
         <name>__mspabi_sral_10</name>
         <value>0x13972</value>
         <object_component_ref idref="oc-450"/>
      </symbol>
      <symbol id="sm-9c8">
         <name>__mspabi_sral_8</name>
         <value>0x1397a</value>
         <object_component_ref idref="oc-450"/>
      </symbol>
      <symbol id="sm-9c9">
         <name>__mspabi_sral_9</name>
         <value>0x13976</value>
         <object_component_ref idref="oc-450"/>
      </symbol>
      <symbol id="sm-9ca">
         <name>__mspabi_sral_6</name>
         <value>0x13982</value>
         <object_component_ref idref="oc-450"/>
      </symbol>
      <symbol id="sm-9cb">
         <name>__mspabi_sral_7</name>
         <value>0x1397e</value>
         <object_component_ref idref="oc-450"/>
      </symbol>
      <symbol id="sm-9cc">
         <name>__mspabi_sral_4</name>
         <value>0x1398a</value>
         <object_component_ref idref="oc-450"/>
      </symbol>
      <symbol id="sm-9cd">
         <name>__mspabi_sral_5</name>
         <value>0x13986</value>
         <object_component_ref idref="oc-450"/>
      </symbol>
      <symbol id="sm-9ce">
         <name>__mspabi_sral_2</name>
         <value>0x13992</value>
         <object_component_ref idref="oc-450"/>
      </symbol>
      <symbol id="sm-9cf">
         <name>__mspabi_sral_3</name>
         <value>0x1398e</value>
         <object_component_ref idref="oc-450"/>
      </symbol>
      <symbol id="sm-9d0">
         <name>__mspabi_sral_1</name>
         <value>0x13996</value>
         <object_component_ref idref="oc-450"/>
      </symbol>
      <symbol id="sm-9dd">
         <name>__mspabi_remli</name>
         <value>0x1391e</value>
         <object_component_ref idref="oc-42a"/>
      </symbol>
      <symbol id="sm-9de">
         <name>__mspabi_divli</name>
         <value>0x1391e</value>
         <object_component_ref idref="oc-42a"/>
      </symbol>
      <symbol id="sm-9ef">
         <name>__TI_doflush</name>
         <value>0x1348e</value>
         <object_component_ref idref="oc-1d3"/>
      </symbol>
      <symbol id="sm-a10">
         <name>__TI_frcaddd</name>
         <value>0x11274</value>
         <object_component_ref idref="oc-47e"/>
      </symbol>
      <symbol id="sm-a21">
         <name>__TI_frcmpyd</name>
         <value>0x107e0</value>
         <object_component_ref idref="oc-396"/>
      </symbol>
      <symbol id="sm-a31">
         <name>fseek</name>
         <value>0x132ee</value>
         <object_component_ref idref="oc-217"/>
      </symbol>
      <symbol id="sm-a46">
         <name>__TI_renormd</name>
         <value>0x12a10</value>
         <object_component_ref idref="oc-4b9"/>
      </symbol>
      <symbol id="sm-a5e">
         <name>setvbuf</name>
         <value>0x1279e</value>
         <object_component_ref idref="oc-21d"/>
      </symbol>
      <symbol id="sm-a6b">
         <name>strcpy</name>
         <value>0x13e8c</value>
         <object_component_ref idref="oc-40f"/>
      </symbol>
      <symbol id="sm-a77">
         <name>__TI_cleanup</name>
         <value>0x13b76</value>
         <object_component_ref idref="oc-295"/>
      </symbol>
      <symbol id="sm-ac2">
         <name>_sys_memory</name>
         <value>0x1d8c</value>
         <object_component_ref idref="oc-9b"/>
      </symbol>
      <symbol id="sm-ac3">
         <name>free</name>
         <value>0x12d2c</value>
         <object_component_ref idref="oc-289"/>
      </symbol>
      <symbol id="sm-ac4">
         <name>malloc</name>
         <value>0x12956</value>
         <object_component_ref idref="oc-28f"/>
      </symbol>
      <symbol id="sm-ac5">
         <name>minit</name>
         <value>0x138dc</value>
         <object_component_ref idref="oc-313"/>
      </symbol>
      <symbol id="sm-ad6">
         <name>__TI_closefile</name>
         <value>0x13138</value>
         <object_component_ref idref="oc-31d"/>
      </symbol>
      <symbol id="sm-ad8">
         <name>__TI_exit</name>
         <value>0x1</value>
      </symbol>
      <symbol id="sm-ad9">
         <name>__TI_args_main</name>
         <value>0x1</value>
      </symbol>
      <symbol id="sm-ada">
         <name>__TI_INITARRAY_Base</name>
         <value>0x0</value>
      </symbol>
      <symbol id="sm-adb">
         <name>__TI_INITARRAY_Limit</name>
         <value>0x0</value>
      </symbol>
      <symbol id="sm-ade">
         <name>remove</name>
         <value>0x13c78</value>
      </symbol>
   </symbol_table>
   <title>Link successful</title>
</link_info>
